c:\dev\winapishootinggame\winapishootinggame\x64\debug\winapishootinggame.pch
c:\dev\winapishootinggame\winapishootinggame\x64\debug\vc143.pdb
c:\dev\winapishootinggame\winapishootinggame\x64\debug\vc143.idb
c:\dev\winapishootinggame\winapishootinggame\x64\debug\pch.obj
c:\dev\winapishootinggame\winapishootinggame\x64\debug\scenemanager.obj
c:\dev\winapishootinggame\winapishootinggame\x64\debug\timemanager.obj
c:\dev\winapishootinggame\winapishootinggame\x64\debug\client.obj
c:\dev\winapishootinggame\winapishootinggame\x64\debug\componentsystem.obj
c:\dev\winapishootinggame\winapishootinggame\x64\debug\cooltimesystem.obj
c:\dev\winapishootinggame\winapishootinggame\x64\debug\statesystem.obj
c:\dev\winapishootinggame\winapishootinggame\x64\debug\rigidbodysystem.obj
c:\dev\winapishootinggame\winapishootinggame\x64\debug\inputsystem.obj
c:\dev\winapishootinggame\winapishootinggame\x64\debug\collidersystem.obj
c:\dev\winapishootinggame\winapishootinggame\x64\debug\spriterenderersystem.obj
c:\dev\winapishootinggame\winapishootinggame\x64\debug\transformsystem.obj
c:\dev\winapishootinggame\winapishootinggame\x64\debug\cobject.obj
c:\dev\winapishootinggame\winapishootinggame\x64\debug\gamemanager.obj
c:\dev\winapishootinggame\winapishootinggame\x64\debug\mainmanager.obj
c:\dev\winapishootinggame\winapishootinggame\x64\debug\collisionmanager.obj
c:\dev\winapishootinggame\winapishootinggame\x64\debug\inputmanager.obj
c:\dev\winapishootinggame\winapishootinggame\x64\debug\gcmanager.obj
c:\dev\winapishootinggame\x64\debug\winapishootinggame.exe
c:\dev\winapishootinggame\x64\debug\winapishootinggame.pdb
c:\dev\winapishootinggame\winapishootinggame\x64\debug\winapishootinggame.res
c:\dev\winapishootinggame\winapishootinggame\x64\debug\winapishootinggame.ilk
c:\cpp\winapishootinggame\winapishootinggame\x64\debug\client.obj
c:\cpp\winapishootinggame\winapishootinggame\x64\debug\cobject.obj
c:\cpp\winapishootinggame\winapishootinggame\x64\debug\collidersystem.obj
c:\cpp\winapishootinggame\winapishootinggame\x64\debug\collisionmanager.obj
c:\cpp\winapishootinggame\winapishootinggame\x64\debug\componentsystem.obj
c:\cpp\winapishootinggame\winapishootinggame\x64\debug\cooltimesystem.obj
c:\cpp\winapishootinggame\winapishootinggame\x64\debug\cplayer.obj
c:\cpp\winapishootinggame\winapishootinggame\x64\debug\gamemanager.obj
c:\cpp\winapishootinggame\winapishootinggame\x64\debug\inputmanager.obj
c:\cpp\winapishootinggame\winapishootinggame\x64\debug\inputsystem.obj
c:\cpp\winapishootinggame\winapishootinggame\x64\debug\mainmanager.obj
c:\cpp\winapishootinggame\winapishootinggame\x64\debug\pch.obj
c:\cpp\winapishootinggame\winapishootinggame\x64\debug\rigidbodysystem.obj
c:\cpp\winapishootinggame\winapishootinggame\x64\debug\scenemanager.obj
c:\cpp\winapishootinggame\winapishootinggame\x64\debug\spriterenderersystem.obj
c:\cpp\winapishootinggame\winapishootinggame\x64\debug\statesystem.obj
c:\cpp\winapishootinggame\winapishootinggame\x64\debug\timemanager.obj
c:\cpp\winapishootinggame\winapishootinggame\x64\debug\transformsystem.obj
c:\cpp\winapishootinggame\winapishootinggame\x64\debug\winapishootinggame.ilk
c:\cpp\winapishootinggame\winapishootinggame\x64\debug\winapishootinggame.res
c:\cpp\winapishootinggame\winapishootinggame\x64\debug\vc143.idb
c:\cpp\winapishootinggame\winapishootinggame\x64\debug\vc143.pdb
c:\cpp\winapishootinggame\x64\debug\winapishootinggame.pdb
c:\cpp\winapishootinggame\x64\debug\winapishootinggame.exe
c:\cpp\winapishootinggame\winapishootinggame\x64\debug\winapish.5c2e902c.tlog\cl.command.1.tlog
c:\cpp\winapishootinggame\winapishootinggame\x64\debug\winapish.5c2e902c.tlog\cl.items.tlog
c:\cpp\winapishootinggame\winapishootinggame\x64\debug\winapish.5c2e902c.tlog\cl.read.1.tlog
c:\cpp\winapishootinggame\winapishootinggame\x64\debug\winapish.5c2e902c.tlog\cl.write.1.tlog
c:\cpp\winapishootinggame\winapishootinggame\x64\debug\winapish.5c2e902c.tlog\link.command.1.tlog
c:\cpp\winapishootinggame\winapishootinggame\x64\debug\winapish.5c2e902c.tlog\link.read.1.tlog
c:\cpp\winapishootinggame\winapishootinggame\x64\debug\winapish.5c2e902c.tlog\link.secondary.1.tlog
c:\cpp\winapishootinggame\winapishootinggame\x64\debug\winapish.5c2e902c.tlog\link.write.1.tlog
c:\cpp\winapishootinggame\winapishootinggame\x64\debug\winapish.5c2e902c.tlog\rc.command.1.tlog
c:\cpp\winapishootinggame\winapishootinggame\x64\debug\winapish.5c2e902c.tlog\rc.read.1.tlog
c:\cpp\winapishootinggame\winapishootinggame\x64\debug\winapish.5c2e902c.tlog\rc.write.1.tlog
